> Task :greeting-plugin:compileJava
> Task :greeting-plugin:pluginDescriptors
> Task :greeting-plugin:processResources
> Task :greeting-plugin:classes
> Task :greeting-plugin:jar

> Task :greeting
Hi Bob!!!

BUILD SUCCESSFUL in 0s
1 actionable task: 1 executed
