> Task :processResources NO-SOURCE
> Task :anonymous-library:compileJava
> Task :anonymous-library:processResources NO-SOURCE
> Task :anonymous-library:classes
> Task :anonymous-library:jar
> Task :compileJava
> Task :classes

> Task :run
 The answer is 42

BUILD SUCCESSFUL in 0s
2 actionable tasks: 2 executed
